command: /home/dragon_bra/anaconda3-wsl/envs/py311/bin/python3 -m rl.train.download_expert_replays --source-manifest /home/dragon_bra/repos/pokemon-tcg-ai-battle/rl/_runs/0008-rank_010_alakazam_bc/source_manifest.json --output /home/dragon_bra/repos/pokemon-tcg-ai-battle/data/replays/top20_single_expert_bc_20260723/rank_010_alakazam_bc --workers 2 --retries 6 --request-interval 2.0
exit_code: 1
wall_seconds: 231.580

stdout:
downloaded 50/1000 replays
downloaded 100/1000 replays
downloaded 150/1000 replays
downloaded 200/1000 replays
downloaded 250/1000 replays
downloaded 300/1000 replays
downloaded 350/1000 replays
downloaded 400/1000 replays
downloaded 450/1000 replays
downloaded 500/1000 replays
downloaded 550/1000 replays
downloaded 600/1000 replays
downloaded 650/1000 replays
downloaded 700/1000 replays
downloaded 750/1000 replays
downloaded 800/1000 replays


stderr:
Traceback (most recent call last):
  File "<frozen runpy>", line 198, in _run_module_as_main
  File "<frozen runpy>", line 88, in _run_code
  File "/home/dragon_bra/repos/pokemon-tcg-ai-battle/rl/train/download_expert_replays.py", line 549, in <module>
    main()
  File "/home/dragon_bra/repos/pokemon-tcg-ai-battle/rl/train/download_expert_replays.py", line 538, in main
    print(json.dumps(download(
                     ^^^^^^^^^
  File "/home/dragon_bra/repos/pokemon-tcg-ai-battle/rl/train/download_expert_replays.py", line 451, in download
    raise RuntimeError(
RuntimeError: replay download failed closed; inspect and resume from /home/dragon_bra/repos/pokemon-tcg-ai-battle/data/replays/top20_single_expert_bc_20260723/rank_010_alakazam_bc/download_failures.json

