command: /home/dragon_bra/anaconda3-wsl/envs/py311/bin/python3 -m rl.train.download_expert_replays --source-manifest /home/dragon_bra/repos/pokemon-tcg-ai-battle/rl/_runs/0006-rank_008_team_rockets_mewtwo_ex_bc/source_manifest.json --output /home/dragon_bra/repos/pokemon-tcg-ai-battle/data/replays/top20_single_expert_bc_20260723/rank_008_team_rockets_mewtwo_ex_bc --workers 2 --retries 6 --request-interval 2.0
exit_code: 0
wall_seconds: 625.323

stdout:
downloaded 50/982 replays
downloaded 100/982 replays
downloaded 150/982 replays
downloaded 200/982 replays
downloaded 250/982 replays
downloaded 300/982 replays
downloaded 350/982 replays
downloaded 400/982 replays
downloaded 450/982 replays
downloaded 500/982 replays
downloaded 550/982 replays
downloaded 600/982 replays
downloaded 650/982 replays
downloaded 700/982 replays
downloaded 750/982 replays
downloaded 800/982 replays
downloaded 850/982 replays
downloaded 900/982 replays
downloaded 950/982 replays
downloaded 982/982 replays
{"bytes": 4451340793, "episode_count": 982, "replay_root": "/home/dragon_bra/repos/pokemon-tcg-ai-battle/data/replays/top20_single_expert_bc_20260723/rank_008_team_rockets_mewtwo_ex_bc", "split_counts": {"test": 99, "train": 785, "validation": 98}, "submission_id": 54840044}


stderr:

