command: /home/dragon_bra/anaconda3-wsl/envs/py311/bin/python3 -m rl.train.download_expert_replays --source-manifest /home/dragon_bra/repos/pokemon-tcg-ai-battle/rl/_runs/0021-rank_082_marnies_grimmsnarl_ex_bc/source_manifest.json --output /home/dragon_bra/repos/pokemon-tcg-ai-battle/data/replays/top20_single_expert_bc_20260723/rank_082_marnies_grimmsnarl_ex_bc --workers 2 --retries 6 --request-interval 2.0
exit_code: 1
wall_seconds: 0.158

stdout:


stderr:
Traceback (most recent call last):
  File "/home/dragon_bra/.local/lib/python3.11/site-packages/urllib3/connectionpool.py", line 774, in urlopen
    self._prepare_proxy(conn)
  File "/home/dragon_bra/.local/lib/python3.11/site-packages/urllib3/connectionpool.py", line 1055, in _prepare_proxy
    conn.connect()
  File "/home/dragon_bra/.local/lib/python3.11/site-packages/urllib3/connection.py", line 796, in connect
    sock_and_verified = _ssl_wrap_socket_and_match_hostname(
                        ^^^^^^^^^^^^^^^^^^^^^^^^^^^^^^^^^^^^
  File "/home/dragon_bra/.local/lib/python3.11/site-packages/urllib3/connection.py", line 975, in _ssl_wrap_socket_and_match_hostname
    ssl_sock = ssl_wrap_socket(
               ^^^^^^^^^^^^^^^^
  File "/home/dragon_bra/.local/lib/python3.11/site-packages/urllib3/util/ssl_.py", line 433, in ssl_wrap_socket
    ssl_sock = _ssl_wrap_socket_impl(sock, context, tls_in_tls, server_hostname)
               ^^^^^^^^^^^^^^^^^^^^^^^^^^^^^^^^^^^^^^^^^^^^^^^^^^^^^^^^^^^^^^^^^
  File "/home/dragon_bra/.local/lib/python3.11/site-packages/urllib3/util/ssl_.py", line 477, in _ssl_wrap_socket_impl
    return ssl_context.wrap_socket(sock, server_hostname=server_hostname)
           ^^^^^^^^^^^^^^^^^^^^^^^^^^^^^^^^^^^^^^^^^^^^^^^^^^^^^^^^^^^^^^
  File "/home/dragon_bra/anaconda3-wsl/envs/py311/lib/python3.11/ssl.py", line 517, in wrap_socket
    return self.sslsocket_class._create(
           ^^^^^^^^^^^^^^^^^^^^^^^^^^^^^
  File "/home/dragon_bra/anaconda3-wsl/envs/py311/lib/python3.11/ssl.py", line 1104, in _create
    self.do_handshake()
  File "/home/dragon_bra/anaconda3-wsl/envs/py311/lib/python3.11/ssl.py", line 1382, in do_handshake
    self._sslobj.do_handshake()
ConnectionResetError: [Errno 104] Connection reset by peer

During handling of the above exception, another exception occurred:

Traceback (most recent call last):
  File "/home/dragon_bra/.local/lib/python3.11/site-packages/requests/adapters.py", line 696, in send
    resp = conn.urlopen(
           ^^^^^^^^^^^^^
  File "/home/dragon_bra/.local/lib/python3.11/site-packages/urllib3/connectionpool.py", line 842, in urlopen
    retries = retries.increment(
              ^^^^^^^^^^^^^^^^^^
  File "/home/dragon_bra/.local/lib/python3.11/site-packages/urllib3/util/retry.py", line 498, in increment
    raise reraise(type(error), error, _stacktrace)
          ^^^^^^^^^^^^^^^^^^^^^^^^^^^^^^^^^^^^^^^^
  File "/home/dragon_bra/.local/lib/python3.11/site-packages/urllib3/util/util.py", line 38, in reraise
    raise value.with_traceback(tb)
  File "/home/dragon_bra/.local/lib/python3.11/site-packages/urllib3/connectionpool.py", line 774, in urlopen
    self._prepare_proxy(conn)
  File "/home/dragon_bra/.local/lib/python3.11/site-packages/urllib3/connectionpool.py", line 1055, in _prepare_proxy
    conn.connect()
  File "/home/dragon_bra/.local/lib/python3.11/site-packages/urllib3/connection.py", line 796, in connect
    sock_and_verified = _ssl_wrap_socket_and_match_hostname(
                        ^^^^^^^^^^^^^^^^^^^^^^^^^^^^^^^^^^^^
  File "/home/dragon_bra/.local/lib/python3.11/site-packages/urllib3/connection.py", line 975, in _ssl_wrap_socket_and_match_hostname
    ssl_sock = ssl_wrap_socket(
               ^^^^^^^^^^^^^^^^
  File "/home/dragon_bra/.local/lib/python3.11/site-packages/urllib3/util/ssl_.py", line 433, in ssl_wrap_socket
    ssl_sock = _ssl_wrap_socket_impl(sock, context, tls_in_tls, server_hostname)
               ^^^^^^^^^^^^^^^^^^^^^^^^^^^^^^^^^^^^^^^^^^^^^^^^^^^^^^^^^^^^^^^^^
  File "/home/dragon_bra/.local/lib/python3.11/site-packages/urllib3/util/ssl_.py", line 477, in _ssl_wrap_socket_impl
    return ssl_context.wrap_socket(sock, server_hostname=server_hostname)
           ^^^^^^^^^^^^^^^^^^^^^^^^^^^^^^^^^^^^^^^^^^^^^^^^^^^^^^^^^^^^^^
  File "/home/dragon_bra/anaconda3-wsl/envs/py311/lib/python3.11/ssl.py", line 517, in wrap_socket
    return self.sslsocket_class._create(
           ^^^^^^^^^^^^^^^^^^^^^^^^^^^^^
  File "/home/dragon_bra/anaconda3-wsl/envs/py311/lib/python3.11/ssl.py", line 1104, in _create
    self.do_handshake()
  File "/home/dragon_bra/anaconda3-wsl/envs/py311/lib/python3.11/ssl.py", line 1382, in do_handshake
    self._sslobj.do_handshake()
urllib3.exceptions.ProtocolError: ('Connection aborted.', ConnectionResetError(104, 'Connection reset by peer'))

During handling of the above exception, another exception occurred:

Traceback (most recent call last):
  File "<frozen runpy>", line 198, in _run_module_as_main
  File "<frozen runpy>", line 88, in _run_code
  File "/home/dragon_bra/repos/pokemon-tcg-ai-battle/rl/train/download_expert_replays.py", line 26, in <module>
    from kaggle.api.kaggle_api_extended import KaggleApi
  File "/home/dragon_bra/.local/lib/python3.11/site-packages/kaggle/__init__.py", line 8, in <module>
    api.authenticate()
  File "/home/dragon_bra/.local/lib/python3.11/site-packages/kaggle/api/kaggle_api_extended.py", line 1066, in authenticate
    if self._authenticate_with_oauth_creds():
       ^^^^^^^^^^^^^^^^^^^^^^^^^^^^^^^^^^^^^
  File "/home/dragon_bra/.local/lib/python3.11/site-packages/kaggle/api/kaggle_api_extended.py", line 1116, in _authenticate_with_oauth_creds
    access_token = creds.get_access_token()
                   ^^^^^^^^^^^^^^^^^^^^^^^^
  File "/home/dragon_bra/.local/lib/python3.11/site-packages/kagglesdk/kaggle_creds.py", line 126, in get_access_token
    self.refresh_access_token()
  File "/home/dragon_bra/.local/lib/python3.11/site-packages/kagglesdk/kaggle_creds.py", line 112, in refresh_access_token
    response = self.generate_access_token()
               ^^^^^^^^^^^^^^^^^^^^^^^^^^^^
  File "/home/dragon_bra/.local/lib/python3.11/site-packages/kagglesdk/kaggle_creds.py", line 136, in generate_access_token
    return self._client.users.account_client.generate_access_token(request)
           ^^^^^^^^^^^^^^^^^^^^^^^^^^^^^^^^^^^^^^^^^^^^^^^^^^^^^^^^^^^^^^^^
  File "/home/dragon_bra/.local/lib/python3.11/site-packages/kagglesdk/users/services/account_service.py", line 31, in generate_access_token
    return self._client.call("users.AccountService", "GenerateAccessToken", request, GenerateAccessTokenResponse)
           ^^^^^^^^^^^^^^^^^^^^^^^^^^^^^^^^^^^^^^^^^^^^^^^^^^^^^^^^^^^^^^^^^^^^^^^^^^^^^^^^^^^^^^^^^^^^^^^^^^^^^^
  File "/home/dragon_bra/.local/lib/python3.11/site-packages/kagglesdk/kaggle_http_client.py", line 104, in call
    http_response = self._session.send(http_request, **settings)
                    ^^^^^^^^^^^^^^^^^^^^^^^^^^^^^^^^^^^^^^^^^^^^
  File "/home/dragon_bra/.local/lib/python3.11/site-packages/requests/sessions.py", line 784, in send
    r = adapter.send(request, **kwargs)
        ^^^^^^^^^^^^^^^^^^^^^^^^^^^^^^^
  File "/home/dragon_bra/.local/lib/python3.11/site-packages/requests/adapters.py", line 711, in send
    raise ConnectionError(err, request=request)
requests.exceptions.ConnectionError: ('Connection aborted.', ConnectionResetError(104, 'Connection reset by peer'))

